
[1/20] A1_v1_studio_fut_reticle_9x16 (9:16)
  NO URL: 4447c041-f1b1-4613-99e6-ff2a74bf91cf


[2/20] A1_v2_carbon_bold_scan_9x16 (9:16)
  NO URL: 316a1a94-b7e2-48f5-8ee9-4b313e0f7d7c


[3/20] A1_v3_concrete_min_plate_9x16 (9:16)
  NO URL: 5a831b2d-5cbd-4f39-9aeb-55bdfd7ca3ed


[4/20] A1_v4_glass_edit_dots_9x16 (9:16)
  NO URL: 5b1df88c-b55c-4fb1-baa3-c256581d7b77


[5/20] A2_v1_rooftop_fut_reticle_9x16 (9:16)
  NO URL: dc038283-72f4-4876-9f65-ccbff44587ef


[6/20] A2_v2_train_bold_scan_9x16 (9:16)
  NO URL: 3c77055d-2510-4fe8-9720-392f81a6a3b7


[7/20] A2_v3_cafe_min_plate_9x16 (9:16)
  NO URL: dd050b7d-097d-4d77-b898-21eb6e97dce8


[8/20] A2_v4_workshop_edit_dots_9x16 (9:16)
  NO URL: 81a2ea86-5f5e-44af-8652-93de04cd1e97


[9/20] B1_v1_marble_fut_reticle_3x4 (3:4)
  NO URL: 0d932e60-8f4f-4adb-932c-6b2b200422cd


[10/20] B1_v2_velvet_bold_scan_3x4 (3:4)
  NO URL: 460112c2-a83b-46cd-a7ee-1f84f5a718cd


[11/20] B1_v3_steel_min_plate_3x4 (3:4)
  NO URL: 09817f2d-4259-48ae-ab2d-e7c336ce4f0c


[12/20] B1_v4_obsidian_edit_dots_3x4 (3:4)
  NO URL: 0bf0b8b4-067f-4c2a-8853-af2c1e53f4f6


[13/20] B2_v1_void_fut_reticle_3x4 (3:4)
  NO URL: 6af65ef8-e04f-4431-a114-d68d822e528f


[14/20] B2_v2_concrete_bold_scan_3x4 (3:4)
  NO URL: 39706dc1-fd7d-454e-9670-7babe6773409


[15/20] B2_v3_glass_min_plate_3x4 (3:4)
  NO URL: 88b136dd-92f0-417a-aa6a-48a95c5848b5


[16/20] B2_v4_leather_edit_dots_3x4 (3:4)
  NO URL: a9bb5552-75e5-4467-a9c0-24636fe70d41


[17/20] C1_v1_void_fut_reticle_9x16 (9:16)
  NO URL: 55e3b30b-d6bf-4de8-9224-e3e41ffe18af


[18/20] C1_v2_carbon_bold_scan_9x16 (9:16)
  NO URL: e9eb3934-5df8-441b-96b2-408bb0d19ce2


[19/20] C1_v3_marble_min_plate_9x16 (9:16)
  NO URL: 677198c9-748f-43b7-bd24-f0b9c71736d3


[20/20] C1_v4_chrome_edit_dots_9x16 (9:16)
  NO URL: 7d99e22a-a3fe-4780-8b4e-9ea20186f43d


=== 0/20 done ===
