
[1/20] 01_studio_floating_orange_rim_9x16 (9:16)
  NO URL: 8fb9585c-8a9d-4c99-97dd-dde82ded8dab


[2/20] 02_obsidian_plinth_topdown_1x1 (1:1)
  NO URL: 6b783cd5-8b55-49c3-b119-5d4a53cd8560


[3/20] 03_concrete_bench_dusk_3x4 (3:4)
  NO URL: a4da749b-c04b-45a8-bc7a-73307ab29f84


[4/20] 04_water_droplets_macro_9x16 (9:16)
  NO URL: cb5ed81c-3787-4f23-b6f8-a22fd5d59c9d


[5/20] 05_marble_pedestal_lowkey_3x4 (3:4)
  NO URL: 9bc9949b-08dd-45f3-83ef-caacc450a2c2


[6/20] 06_charging_table_workspace_16x9 (16:9)
  NO URL: 215b0de9-08b1-416f-8f95-0fae5d3da80d


[7/20] 07_carbon_fiber_3q_lowangle_9x16 (9:16)
  NO URL: e32aa7f0-32ae-47e3-8391-923af6e9884e


[8/20] 08_velvet_drape_silent_luxury_3x4 (3:4)
  NO URL: 87b2268b-3e6e-49db-9cf4-fa535e8388d4


[9/20] 09_rooftop_concrete_blue_hour_9x16 (9:16)
  NO URL: 8435a24e-4e62-4bc9-b8ac-4903f3103e65


[10/20] 10_glass_pane_reflection_1x1 (1:1)
  NO URL: cc781437-e176-4a7f-8a38-48b9a0b21efa


[11/20] 11_oil_pool_surface_macro_3x4 (3:4)
  NO URL: eac15aad-27d1-4ef5-b55e-02fb10339862


[12/20] 12_steel_grate_industrial_9x16 (9:16)
  NO URL: 57210dc7-a30c-4b67-8399-094b6c5d962a


[13/20] 13_leather_chair_arm_lifestyle_3x4 (3:4)
  NO URL: a28f60fe-08e8-4a52-8ff5-7a3e5913b40b


[14/20] 14_floating_dust_volumetric_9x16 (9:16)
  NO URL: fa981389-13c5-4f90-93e6-a07dee605cfe


[15/20] 15_brass_tray_warm_amber_1x1 (1:1)
  NO URL: 10d9ee48-cff8-4fbe-8cd2-f31db760121f


[16/20] 16_mirror_box_infinity_3x4 (3:4)
  NO URL: 87582ce5-d182-4432-8f49-4680245fe21d


[17/20] 17_stone_slab_zen_minimal_16x9 (16:9)
  NO URL: 2b35e1d7-11ff-4bf6-82db-8607dffa5811


[18/20] 18_chrome_surface_reflection_9x16 (9:16)
  NO URL: 143b1edc-a65d-42cd-9bdb-3c6b6133fe81


[19/20] 19_smoke_atmosphere_dramatic_3x4 (3:4)
  NO URL: 59a1d746-0cce-407f-ae29-9c0b2667ff49


[20/20] 20_charcoal_fabric_silent_3x4 (3:4)
  NO URL: 12200f17-34a3-492e-b75b-ce3fd189ff5b


=== 0/20 done ===
